// Vitest Snapshot v1, https://vitest.dev/guide/snapshot.html

exports[`formatting > formatPercentageString() > for 25.99, it should return 25.99% formatted 1`] = `"[1m[48;2;51;0;0m[38;2;255;0;0m25.99%[39m[49m[22m"`;

exports[`formatting > formatPercentageString() > for 35.1, it should return 35.10% formatted 1`] = `"[1m[48;2;51;13;0m[38;2;255;69;0m35.10%[39m[49m[22m"`;

exports[`formatting > formatPercentageString() > for 55.5, it should return 55.50% formatted 1`] = `"[1m[48;2;51;26;0m[38;2;255;165;0m55.50%[39m[49m[22m"`;

exports[`formatting > formatPercentageString() > for 65.75, it should return 65.75% formatted 1`] = `"[1m[48;2;51;51;0m[38;2;255;255;0m65.75%[39m[49m[22m"`;

exports[`formatting > formatPercentageString() > for 85.25, it should return 85.25% formatted 1`] = `"[1m[48;2;51;77;0m[38;2;173;255;47m85.25%[39m[49m[22m"`;

exports[`formatting > formatPercentageString() > for 95.5, it should return 95.50% formatted 1`] = `"[1m[48;2;0;51;0m[38;2;0;255;0m95.50%[39m[49m[22m"`;

exports[`formatting > formatRating() > for 'Excellent', it should return 'Excellent' '🚀' formatted 1`] = `"[1m[48;2;0;51;0m[38;2;0;255;0mExcellent[39m[49m[22m 🚀"`;

exports[`formatting > formatRating() > for 'Fair', it should return 'Fair' '🤏' formatted 1`] = `"[1m[48;2;51;26;0m[38;2;255;165;0mFair[39m[49m[22m 🤏"`;

exports[`formatting > formatRating() > for 'Good', it should return 'Good' '👍' formatted 1`] = `"[1m[48;2;51;51;0m[38;2;255;255;0mGood[39m[49m[22m 👍"`;

exports[`formatting > formatRating() > for 'Great', it should return 'Great' '🎉' formatted 1`] = `"[1m[48;2;51;77;0m[38;2;173;255;47mGreat[39m[49m[22m 🎉"`;

exports[`formatting > formatRating() > for 'Needs Improvement', it should return 'Needs Improvement' '😕' formatted 1`] = `"[1m[48;2;51;13;0m[38;2;255;69;0mNeeds Improvement[39m[49m[22m 😕"`;

exports[`formatting > formatRating() > for 'Poor', it should return 'Poor' '😞' formatted 1`] = `"[1m[48;2;51;0;0m[38;2;255;0;0mPoor[39m[49m[22m 😞"`;

exports[`formatting > formatString() > should return 'baa' formatted 1`] = `"[1mprefix[48;2;0;51;0m[38;2;0;255;0mbaa[39m[49m[22m"`;

exports[`formatting > formatString() > should return 'meow' formatted 1`] = `"[1mprefix[48;2;51;77;0m[38;2;173;255;47mmeowsuffix[39m[49m[22m"`;

exports[`formatting > formatString() > should return 'moo' formatted 1`] = `"[1m[48;2;0;51;0m[38;2;0;255;0mmoo[39m[49m[22m"`;

exports[`formatting > formatString() > should return 'roar' formatted 1`] = `"[1m[48;2;51;77;0m[38;2;173;255;47mroar[39m[49m[22m"`;

exports[`formatting > formatString() > should return 'woof' formatted 1`] = `"[1m[48;2;51;77;0m[38;2;173;255;47mwoofsuffix[39m[49m[22m"`;
